C51 COMPILER V9.60.0.0   LED_ALL                                                           12/21/2021 11:29:08 PAGE 1   


C51 COMPILER V9.60.0.0, COMPILATION OF MODULE LED_ALL
OBJECT MODULE PLACED IN LED_ALL.OBJ
COMPILER INVOKED BY: C:\Keil_v5\C51\BIN\C51.EXE LED_ALL.c OPTIMIZE(8,SPEED) BROWSE DEBUG OBJECTEXTEND TABS(2)

line level    source

   1          /*
   2          *  File: LED_ALL.c
   3          *  功能: 題目整合
   4          */
   5          
   6          #include "io51.h"
   7          
   8          /*變數*/
   9          void delay(int x);
  10          void LED_01(int run);
  11          void LED_pilix3(int run);
  12          void LED_ping(int run);
  13          void LED_02(int run);
  14          int i,m;
  15          int run_time=3;
  16          
  17          //乒乓灯亮法
  18          int j_ping= 0x7E;
  19          char led_ping[]={
  20            0x7E,0xBD,0xDB,0xE7,0xDB,0xBD,0X7E 
  21          };
  22           
  23          //霹靂灯亮法
  24          char led_pilix1[]={
  25            0xFE,0xFD,0xFB,0xF7,0xEF,0xDF,0xBF,0x7F 
  26          };
  27          char led_pilix2[]={
  28            0xBF,0xDF,0xEF,0xF7,0xFB,0xFD,0xFE 
  29          };
  30          
  31          //接龍灯亮法
  32          char led1[] = {0x7F, 0xBF, 0xDF, 0xEF, 0xF7, 0xFB, 0xFD, 0xFE}; //第1回
  33          char led2[] = {0x7E, 0xBE, 0xDE, 0xEE, 0xF6, 0xFA, 0xFC}; //第2回
  34          char led3[] = {0x7C, 0xBC, 0xDC, 0xEC, 0xF4, 0xF8}; //第3回
  35          char led4[] = {0x78, 0xB8, 0xD8, 0xE8, 0xF0}; //第4回
  36          char led5[] = {0x70, 0xB0, 0xD0, 0xE0}; //第5回
  37          char led6[] = {0x60, 0xA0, 0xC0}; //第6回
  38          char led7[] = {0x40, 0x80}; //第7回
  39          char led8 = 0x00; //第8回
  40          
  41          /*主程式*/
  42          void main(){
  43   1         while(1){
  44   2         LED_01(run_time);
  45   2         LED_ping(run_time);
  46   2         LED_pilix3(run_time);
  47   2         LED_02(run_time);
  48   2         }
  49   1      }
  50          
  51          /*副程式*/
  52          
  53          // LED_01: 右至左移的跑馬灯
  54          void LED_01(int run){
  55   1        int x;
C51 COMPILER V9.60.0.0   LED_ALL                                                           12/21/2021 11:29:08 PAGE 2   

  56   1        for(x=0;x<=run;x++){
  57   2           int i,j;
  58   2           /*點亮LED 0~7*/
  59   2           for(i=0;i<8;i++){
  60   3            P1= j; //給P1送出控制LED的信號
  61   3            delay(7000);
  62   3            j<<= 1; // j => 左旋1位元
  63   3            j= j+1;
  64   3            }
  65   2           j= 0xfe; //LED 0= 0xfe
  66   2        }
  67   1        }
  68          
  69          
  70          //LED_ping: 乒乓灯
  71          void LED_ping(int run){
  72   1       int x;
  73   1       for(x=0;x<run;x++){
  74   2           char i;
  75   2        /*8顆LED*/
  76   2        for(i=0;i<7;i++){
  77   3          P1= led_ping[i];
  78   3          delay(10000); //delay 10sec
  79   3          }
  80   2         }   
  81   1      }
  82          
  83          //LED_pilix3:運行三回霹靂灯
  84          void LED_pilix3(int run){
  85   1        int x,y,i,a;
  86   1        for(x=0;x<run;x++){
  87   2         /*亮3回*/
  88   2            /*左*/
  89   2            for(i=0;i<8;i++){
  90   3            for(a=0;a<3;a++){
  91   4              P1 = led_pilix1[i];
  92   4              delay(10000);
  93   4              P1 = 0xFF;
  94   4              delay(10000);
  95   4            }
  96   3          } 
  97   2          /*右*/
  98   2          for(x=0;x< 7;x++){
  99   3            for(y=0;y<3;y++){
 100   4              P1 = led_pilix2[x];
 101   4              delay(10000);
 102   4              P1 = 0xFF;
 103   4              delay(10000);
 104   4            }
 105   3          } 
 106   2        }
 107   1      }
 108          
 109          //LED_02: 左至右移的接龍灯
 110          void LED_02(int run){
 111   1       int x;
 112   1       for(x=0;x<run;x++){
 113   2          int a, b, c, d, e, f, g; //迴圈變數
 114   2          /*第1回*/
 115   2            for(a=0;a<8;a++){
 116   3             P1 = led1[a]; //指定P1=陣列內的內容
 117   3             delay(10000); //delay 10sec
C51 COMPILER V9.60.0.0   LED_ALL                                                           12/21/2021 11:29:08 PAGE 3   

 118   3            }
 119   2            /*第2回*/
 120   2            for(b=0;b<7;b++){
 121   3            P1 = led2[b]; //指定P1=陣列內的內容
 122   3            delay(10000); //delay 10sec
 123   3            }
 124   2            /*第3回*/
 125   2            for(c=0;c<6;c++){
 126   3            P1 = led3[c]; //指定P1=陣列內的內容
 127   3            delay(10000); //delay 10sec
 128   3            }
 129   2            /*第4回*/
 130   2            for(d=0;d<5;d++){
 131   3            P1 = led4[d]; //指定P1=陣列內的內容
 132   3            delay(10000); //delay 10sec
 133   3            }
 134   2            /*第5回*/
 135   2            for(e=0;e<4;e++){
 136   3            P1 = led5[e]; //指定P1=陣列內的內容
 137   3            delay(10000); //delay 10sec
 138   3            }
 139   2            /*第6回*/
 140   2            for(f=0;f<3;f++){
 141   3            P1 = led6[f]; //指定P1=陣列內的內容
 142   3            delay(10000); //delay 10sec
 143   3            }
 144   2            /*第7回*/
 145   2            for(g=0;g<2;g++){
 146   3            P1 = led7[g]; //指定P1=陣列內的內容
 147   3            delay(10000); //delay 10sec
 148   3            }
 149   2            /*第8回*/
 150   2              P1 = led8; //P1=全亮
 151   2            delay(10000); //delay 10sec
 152   2            /*全関*/
 153   2            P1 = 0xFF; //P1=全関
 154   2            delay(10000); //delay 10sec
 155   2        }
 156   1      }
 157          
 158          //delay time
 159          void delay(int x){
 160   1        int m;
 161   1        for(m=0;m<x;m++);
 162   1      }


MODULE INFORMATION:   STATIC OVERLAYABLE
   CODE SIZE        =    665    ----
   CONSTANT SIZE    =   ----    ----
   XDATA SIZE       =   ----    ----
   PDATA SIZE       =   ----    ----
   DATA SIZE        =     66      41
   IDATA SIZE       =   ----    ----
   BIT SIZE         =   ----    ----
END OF MODULE INFORMATION.


C51 COMPILATION COMPLETE.  0 WARNING(S),  0 ERROR(S)
