C51 COMPILER V9.60.0.0   7SEG_RUN                                                          11/29/2021 20:12:36 PAGE 1   


C51 COMPILER V9.60.0.0, COMPILATION OF MODULE 7SEG_RUN
OBJECT MODULE PLACED IN 7seg_run.OBJ
COMPILER INVOKED BY: C:\Keil_v5\C51\BIN\C51.EXE 7seg_run.c OPTIMIZE(8,SPEED) BROWSE DEBUG OBJECTEXTEND TABS(2)

line level    source

   1          /*
   2           *  File: 7seg_run.c
   3           *  功能: 在四位數7段顯示器輸出跑馬灯(從左開始)
   4           */
   5          
   6          #include "io51.h"
   7          int m;
   8          void delay(int s);
   9          void seg7_switch(int LED,int COM);
  10          char seg7_LED[]={
  11              0x00, //0:not define
  12              0x01, //1:a
  13              0x02, //2:b
  14              0x04, //3:c
  15              0x08, //4:d
  16              0x10, //5:e
  17              0x20, //6:f
  18              0x40, //7:g
  19              0x80  //8:dot
  20          };
  21          char seg7_COM[]={
  22              0x00, //0:not define
  23              0x01, //1:com1
  24              0x02, //2:com2
  25              0x04, //3:com3
  26              0x08, //4:com4
  27              0x0f  //5:com1~4(FULL)
  28          };
  29          
  30          void main(){
  31   1         while(1){
  32   2             seg7_switch(1,1); //1(a,com1)
  33   2             seg7_switch(1,2); //2(a,com2)
  34   2             seg7_switch(1,3); //3(a,com3)
  35   2             seg7_switch(1,4); //4(a,com4)
  36   2             seg7_switch(2,4); //5(b,com4)
  37   2             seg7_switch(3,4); //6(c,com4)
  38   2             seg7_switch(4,4); //7(dot,com4)
  39   2             seg7_switch(8,4); //8(d,com4)
  40   2             seg7_switch(4,3); //9(dot,com3)
  41   2             seg7_switch(8,3); //10(d,com3)
  42   2             seg7_switch(4,2); //11(dot,com2)
  43   2             seg7_switch(8,2); //12(d,com2)
  44   2             seg7_switch(4,1); //13(dot,com1)
  45   2             seg7_switch(8,1); //14(d,com1)
  46   2             seg7_switch(5,1); //15(e,com1)
  47   2             seg7_switch(6,1); //16(f,com1)
  48   2         }    
  49   1      
  50   1      }
  51          
  52          void seg7_switch(int LED,int COM){
  53   1          P1=seg7_LED[LED];
  54   1          P2=seg7_COM[COM];
  55   1          delay(1000);
C51 COMPILER V9.60.0.0   7SEG_RUN                                                          11/29/2021 20:12:36 PAGE 2   

  56   1      }
  57          void delay(int s){
  58   1          for(m=0;m<s;m++);
  59   1      }


MODULE INFORMATION:   STATIC OVERLAYABLE
   CODE SIZE        =    209    ----
   CONSTANT SIZE    =   ----    ----
   XDATA SIZE       =   ----    ----
   PDATA SIZE       =   ----    ----
   DATA SIZE        =     17    ----
   IDATA SIZE       =   ----    ----
   BIT SIZE         =   ----    ----
END OF MODULE INFORMATION.


C51 COMPILATION COMPLETE.  0 WARNING(S),  0 ERROR(S)
