C51 COMPILER V9.60.0.0   7SEG_RUN                                                          12/24/2021 16:10:16 PAGE 1   


C51 COMPILER V9.60.0.0, COMPILATION OF MODULE 7SEG_RUN
OBJECT MODULE PLACED IN 7seg_run.OBJ
COMPILER INVOKED BY: C:\Keil_v5\C51\BIN\C51.EXE 7seg_run.c OPTIMIZE(8,SPEED) BROWSE DEBUG OBJECTEXTEND TABS(2)

line level    source

   1          /*
   2           *  File: 7seg_run.c
   3           *  功能: 在四位數7段顯示器輸出跑馬灯(從左開始)
   4           */
   5          
   6          #include "io51.h"
   7          int m;
   8          void delay(int s);
   9          void seg7_switch(int LED,int COM);
  10          char seg7_LED[]={
  11              0x00, //0:not define
  12              0x01, //1:a
  13              0x02, //2:b
  14              0x04, //3:c
  15              0x08, //4:d
  16              0x10, //5:e
  17              0x20, //6:f
  18              0x40, //7:g
  19              0x80  //8:dot
  20          };
  21          char seg7_COM[]={
  22              0x00, //0:not define
  23              0x01, //1:com1
  24              0x02, //2:com2
  25              0x04, //3:com3
  26              0x08, //4:com4
  27              0x0f  //5:com1~4(FULL)
  28          };
  29          
  30          void main(){
  31   1         while(1){
  32   2             seg7_switch(1,4); //1(a,com4)
  33   2             seg7_switch(1,3); //2(a,com3)
  34   2             seg7_switch(1,2); //3(a,com2)
  35   2             seg7_switch(1,1); //4(a,com1)
  36   2           
  37   2             seg7_switch(2,1); //5(b,com1)
  38   2             seg7_switch(3,1); //6(c,com1)
  39   2           
  40   2             seg7_switch(4,1); //7(dot,com1)
  41   2             seg7_switch(8,1); //8(d,com1)
  42   2           
  43   2             seg7_switch(4,2); //9(dot,com2)
  44   2             seg7_switch(8,2); //10(d,com2)
  45   2           
  46   2             seg7_switch(4,3); //11(dot,com3)
  47   2             seg7_switch(8,3); //12(d,com3)
  48   2           
  49   2             seg7_switch(4,4); //13(dot,com4)
  50   2             seg7_switch(8,4); //14(d,com4)
  51   2           
  52   2             seg7_switch(5,4); //15(e,com4)
  53   2             seg7_switch(6,4); //16(f,com4)
  54   2         }    
  55   1      
C51 COMPILER V9.60.0.0   7SEG_RUN                                                          12/24/2021 16:10:16 PAGE 2   

  56   1      }
  57          
  58          void seg7_switch(int LED,int COM){
  59   1          P2=seg7_COM[COM];
  60   1          P1=seg7_LED[LED];
  61   1          delay(5000);
  62   1      }
  63          void delay(int s){
  64   1          for(m=0;m<s;m++);
  65   1      }


MODULE INFORMATION:   STATIC OVERLAYABLE
   CODE SIZE        =    209    ----
   CONSTANT SIZE    =   ----    ----
   XDATA SIZE       =   ----    ----
   PDATA SIZE       =   ----    ----
   DATA SIZE        =     17    ----
   IDATA SIZE       =   ----    ----
   BIT SIZE         =   ----    ----
END OF MODULE INFORMATION.


C51 COMPILATION COMPLETE.  0 WARNING(S),  0 ERROR(S)
