C51 COMPILER V9.60.0.0   LED_02                                                            12/01/2021 10:56:30 PAGE 1   


C51 COMPILER V9.60.0.0, COMPILATION OF MODULE LED_02
OBJECT MODULE PLACED IN LED_02.OBJ
COMPILER INVOKED BY: C:\Keil_v5\C51\BIN\C51.EXE LED_02.c OPTIMIZE(8,SPEED) BROWSE DEBUG OBJECTEXTEND TABS(2)

line level    source

   1          /*
   2          * File: LED_02.c
   3          * 功能: 左至右移的接龍灯
   4          */
   5          
   6          #include "io51.h"
   7          int m;
   8          void delay(int x);
   9          
  10          /*接龍灯亮法*/
  11          
  12          char led_r1[]={
  13            0xFE,0xFC,0xFB,0xF7,
  14            0xEF,0xCF,0xBF,0x7F
  15          };
  16          
  17          char led_r2[]={
  18            0x7E,0x7C,0x7B,0x77,
  19              0x6F,0x5F,0x3F
  20          };
  21          char led_r3[]={
  22            0x3E,0x3C,0x3B,0x37,
  23            0x2F,0x1F
  24          };
  25          char led_r4[]={
  26            0x1E,0x1C,0x1B,0x17,0x0F
  27          };
  28          char led_r5[]={
  29            0x0E,0x0C,0x0B,0x07
  30          };
  31          char led_r6[]={
  32            0x06,0x05,0x03
  33          };
  34          char led_r7[]={
  35            0x02,0x01
  36          };
  37          char led_r8=0x00;
  38          
  39          void main(){
  40   1        char r1,r2,r3,r4,r5,r6,r7,r8; //開始值
  41   1        char r1x,r2x,r3x,r4x,r5x,r6x,r7x,r8x; //指定
  42   1        while(1){
  43   2          /*第1回*/
  44   2          for(r1=0;r1<=7;r1++){
  45   3            P1= r1x;
  46   3            delay(10000);
  47   3            r1x= led_r1[r1];
  48   3          }
  49   2          /*第2回*/
  50   2          for(r2=0;r2<=7;r2++){
  51   3            P1= r2x;
  52   3            delay(10000);
  53   3            r2x= led_r2[r2];
  54   3          }
  55   2          /*第3回*/
C51 COMPILER V9.60.0.0   LED_02                                                            12/01/2021 10:56:30 PAGE 2   

  56   2          for(r3=0;r3<=7;r3++){
  57   3            P1= r3x;
  58   3            delay(10000);
  59   3            r3x= led_r3[r3];
  60   3          }
  61   2          /*第4回*/
  62   2          for(r4=0;r4<=7;r4++){
  63   3            P1= r4x;
  64   3            delay(10000);
  65   3            r4x= led_r4[r4];
  66   3          }
  67   2          /*第5回*/
  68   2          for(r5=0;r5<=7;r5++){
  69   3            P1= r5x;
  70   3            delay(10000);
  71   3            r5x= led_r5[r5];
  72   3          }
  73   2          /*第6回*/
  74   2          for(r6=0;r6<=7;r6++){
  75   3            P1= r6x;
  76   3            delay(10000);
  77   3            r6x= led_r6[r6];
  78   3          }
  79   2          /*第7回*/
  80   2          for(r7=0;r7<=7;r7++){
  81   3            P1= r7x;
  82   3            delay(10000);
  83   3            r7x= led_r7[r7];
  84   3          }
  85   2          /*第8回*/
  86   2          for(r8=0;r8<=7;r8++){
  87   3            P1= r8x;
  88   3            delay(10000);
  89   3            r8x= led_r8;
  90   3          }
  91   2        }
  92   1      }
  93          
  94          /*delay time*/
  95          void delay(int x){
  96   1        for(m;m<=x;m++);
  97   1      }


MODULE INFORMATION:   STATIC OVERLAYABLE
   CODE SIZE        =    340    ----
   CONSTANT SIZE    =   ----    ----
   XDATA SIZE       =   ----    ----
   PDATA SIZE       =   ----    ----
   DATA SIZE        =     38      16
   IDATA SIZE       =   ----    ----
   BIT SIZE         =   ----    ----
END OF MODULE INFORMATION.


C51 COMPILATION COMPLETE.  0 WARNING(S),  0 ERROR(S)
