C51 COMPILER V9.60.0.0   7SEG_1234                                                         12/11/2021 14:37:54 PAGE 1   


C51 COMPILER V9.60.0.0, COMPILATION OF MODULE 7SEG_1234
OBJECT MODULE PLACED IN 7seg_1234.OBJ
COMPILER INVOKED BY: C:\Keil_v5\C51\BIN\C51.EXE 7seg_1234.c OPTIMIZE(8,SPEED) BROWSE DEBUG OBJECTEXTEND TABS(2)

line level    source

   1          /*
   2          * File: 7seg_1234.c
   3          * 功能: 7段顯示器輸出1234
   4          */
   5          
   6          #include "io51.h"
   7          void delay(int x);
   8          void seg7En(int COM,int NUM);
   9          
  10          char seg7_num[]={
  11            0x3F,0x06,0x5B,0x4F,0x66 //0,1,2,3,4
  12          };
  13          char seg7_COM[]={
  14              0x00,0x01,0x02,0x04,0x08 //CLEAR,COM1~3
  15          };
  16          char num[]={
  17            0,1,2,3,4
  18          };
  19          
  20          /*
  21             ex: 1,2,3,4
  22             1(0x06) => seg7_num[1]
  23             2(0x5B) => seg7_num[2]
  24             3(0x4F) => seg7_num[3]
  25             4(0x66) => seg7_num[4]
  26          */
  27          
  28          void main(){
  29   1        char i;
  30   1        for(i=1;i<=4;i++){
  31   2          seg7En(i,i);
  32   2          delay(100);
  33   2          P2= 0x00;
  34   2        }
  35   1      }
  36          
  37          void seg7En(int COM, int NUM){
  38   1          P2 = seg7_COM[COM];
  39   1        P1 = seg7_num[NUM];
  40   1      }
  41          
  42          void delay(int x){
  43   1         int m;
  44   1         for(m=0;m<x;m++);
  45   1      }


MODULE INFORMATION:   STATIC OVERLAYABLE
   CODE SIZE        =     85    ----
   CONSTANT SIZE    =   ----    ----
   XDATA SIZE       =   ----    ----
   PDATA SIZE       =   ----    ----
   DATA SIZE        =     15       1
   IDATA SIZE       =   ----    ----
   BIT SIZE         =   ----    ----
C51 COMPILER V9.60.0.0   7SEG_1234                                                         12/11/2021 14:37:54 PAGE 2   

END OF MODULE INFORMATION.


C51 COMPILATION COMPLETE.  0 WARNING(S),  0 ERROR(S)
